


ARM Macro Assembler    Page 1 


    1 00000000                 AREA             RESET ,DATA, READONLY
    2 00000000                 EXPORT           __Vectors
    3 00000000         
    4 00000000         __Vectors
    5 00000000         
    6 00000000 10001000        DCD              0X10001000
    7 00000004 00000000        DCD              Reset_Handler
    8 00000008                 AREA             mydata,DATA,READWRITE
    9 00000000 00000000 
                       DST     DCD              0
   10 00000004                 AREA             mycode,CODE,READONLY
   11 00000000                 ENTRY
   12 00000000                 EXPORT           Reset_Handler
   13 00000000         
   14 00000000         Reset_Handler
   15 00000000         
   16 00000000 4807            LDR              R0,=N1
   17 00000002 6801            LDR              R1,[R0]
   18 00000004 4807            LDR              R0,=N2
   19 00000006 6802            LDR              R2,[R0]
   20 00000008 F04F 0300       MOV              R3,#0
   21 0000000C 1A53            SUBS             R3,R2,R1
   22 0000000E F143 33FF       ADC              R3,#-1
   23 00000012 4805            LDR              R0,=DST
   24 00000014 6003            STR              R3,[R0]
   25 00000016 00 00           ALIGN
   26 00000018 0000000A 
                       N1      DCD              10
   27 0000001C 0000000F 
                       N2      DCD              15
   28 00000020                 END
              00000000 
              00000000 
              00000000 
Command Line: --debug --xref --cpu=Cortex-M3 --apcs=interwork --depend=.\q3a.d 
-o.\q3a.o -IC:\Keil\ARM\RV31\INC -IC:\Keil\ARM\CMSIS\Include -IC:\Keil\ARM\Inc\
NXP\LPC17xx --predefine="__EVAL SETA 1" --list=.\q3a.lst q3a.s



ARM Macro Assembler    Page 1 Alphabetic symbol ordering
Relocatable symbols

RESET 00000000

Symbol: RESET
   Definitions
      At line 1 in file q3a.s
   Uses
      None
Comment: RESET unused
__Vectors 00000000

Symbol: __Vectors
   Definitions
      At line 4 in file q3a.s
   Uses
      At line 2 in file q3a.s
Comment: __Vectors used once
2 symbols



ARM Macro Assembler    Page 1 Alphabetic symbol ordering
Relocatable symbols

DST 00000000

Symbol: DST
   Definitions
      At line 9 in file q3a.s
   Uses
      At line 23 in file q3a.s
Comment: DST used once
mydata 00000000

Symbol: mydata
   Definitions
      At line 8 in file q3a.s
   Uses
      None
Comment: mydata unused
2 symbols



ARM Macro Assembler    Page 1 Alphabetic symbol ordering
Relocatable symbols

N1 00000018

Symbol: N1
   Definitions
      At line 26 in file q3a.s
   Uses
      At line 16 in file q3a.s
Comment: N1 used once
N2 0000001C

Symbol: N2
   Definitions
      At line 27 in file q3a.s
   Uses
      At line 18 in file q3a.s
Comment: N2 used once
Reset_Handler 00000000

Symbol: Reset_Handler
   Definitions
      At line 14 in file q3a.s
   Uses
      At line 7 in file q3a.s
      At line 12 in file q3a.s

mycode 00000000

Symbol: mycode
   Definitions
      At line 10 in file q3a.s
   Uses
      None
Comment: mycode unused
4 symbols
341 symbols in table
