


ARM Macro Assembler    Page 1 


    1 00000000                 AREA             RESET, DATA, READONLY
    2 00000000                 EXPORT           __Vectors
    3 00000000         __Vectors
    4 00000000 10001000        DCD              0x10001000
    5 00000004 00000000        DCD              Reset_Handler
    6 00000008                 ALIGN
    7 00000008                 AREA             mycode, CODE, READONLY
    8 00000000                 ENTRY
    9 00000000                 EXPORT           Reset_Handler
   10 00000000         Reset_Handler
   11 00000000 F04F 040A       MOV              R4,#10
   12 00000004 F04F 0600       MOV              R6,#0
   13 00000008 480E    UP      LDR              R0, =VALUES
   14 0000000A F850 1B04       LDR              R1,[R0],#4
   15 0000000E 440E            ADD              R6,R6,R1
   16 00000010 3C01            SUBS             R4,#1
   17 00000012 D1F9            BNE              UP
   18 00000014 4A0C            LDR              R2,=RESULT
   19 00000016 6016            STR              R6,[R2]
   20 00000018         
   21 00000018         STOP
   22 00000018 E7FE            B                STOP
   23 0000001A         
   24 0000001A 00 00 00000001 
              00000002 
              00000003 
              00000004 
              00000005 
              00000006 
              00000007 
              00000008 
              00000009 
              0000000A VALUES  DCD              1,2,3,4,5,6,7,8,9,10
   25 00000044 00000000 
              00000000         AREA             data,DATA, READWRITE
   26 00000000         
   27 00000000 00000000 
                       RESULT  DCD              0
   28 00000004         
   29 00000004                 END
Command Line: --debug --xref --cpu=Cortex-M3 --apcs=interwork --depend=.\q1.d -
o.\q1.o -IC:\Keil\ARM\RV31\INC -IC:\Keil\ARM\CMSIS\Include -IC:\Keil\ARM\Inc\NX
P\LPC17xx --predefine="__EVAL SETA 1" --list=.\q1.lst q1.s



ARM Macro Assembler    Page 1 Alphabetic symbol ordering
Relocatable symbols

RESET 00000000

Symbol: RESET
   Definitions
      At line 1 in file q1.s
   Uses
      None
Comment: RESET unused
__Vectors 00000000

Symbol: __Vectors
   Definitions
      At line 3 in file q1.s
   Uses
      At line 2 in file q1.s
Comment: __Vectors used once
2 symbols



ARM Macro Assembler    Page 1 Alphabetic symbol ordering
Relocatable symbols

Reset_Handler 00000000

Symbol: Reset_Handler
   Definitions
      At line 10 in file q1.s
   Uses
      At line 5 in file q1.s
      At line 9 in file q1.s

STOP 00000018

Symbol: STOP
   Definitions
      At line 21 in file q1.s
   Uses
      At line 22 in file q1.s
Comment: STOP used once
UP 00000008

Symbol: UP
   Definitions
      At line 13 in file q1.s
   Uses
      At line 17 in file q1.s
Comment: UP used once
VALUES 0000001C

Symbol: VALUES
   Definitions
      At line 24 in file q1.s
   Uses
      At line 13 in file q1.s
Comment: VALUES used once
mycode 00000000

Symbol: mycode
   Definitions
      At line 7 in file q1.s
   Uses
      None
Comment: mycode unused
5 symbols



ARM Macro Assembler    Page 1 Alphabetic symbol ordering
Relocatable symbols

RESULT 00000000

Symbol: RESULT
   Definitions
      At line 27 in file q1.s
   Uses
      At line 18 in file q1.s
Comment: RESULT used once
data 00000000

Symbol: data
   Definitions
      At line 25 in file q1.s
   Uses
      None
Comment: data unused
2 symbols
342 symbols in table
