


ARM Macro Assembler    Page 1 


    1 00000000                 AREA             RESET, DATA, READONLY
    2 00000000                 EXPORT           __Vectors
    3 00000000         __Vectors
    4 00000000 10001000        DCD              0x10001000
    5 00000004 00000000        DCD              Reset_Handler
    6 00000008                 ALIGN
    7 00000008                 AREA             mycode, CODE, READONLY
    8 00000000                 ENTRY
    9 00000000                 EXPORT           Reset_Handler
   10 00000000         Reset_Handler
   11 00000000 480C            LDR              R0,=ARR
   12 00000002 F100 0124       ADD              R1,R0,#36
   13 00000006 F04F 020A       MOV              R2,#10
   14 0000000A F04F 0501       MOV              R5,#1
   15 0000000E F840 5B04 
                       nes1    STR              R5,[R0],#4
   16 00000012 F105 0501       ADD              R5,#1
   17 00000016 3A01            SUBS             R2,#1
   18 00000018 D1F9            BNE              nes1
   19 0000001A F04F 0204       MOV              R2,#4
   20 0000001E 4805            LDR              R0,=ARR
   21 00000020 6803    nes2    LDR              R3,[R0]
   22 00000022 680C            LDR              R4,[R1]
   23 00000024 F841 3904       STR              R3,[R1],#-4
   24 00000028 F840 4B04       STR              R4,[R0],#4
   25 0000002C 3A01            SUBS             R2,#1
   26 0000002E D1F7            BNE              nes2
   27 00000030         
   28 00000030         STOP
   29 00000030 E7FE            B                STOP
   30 00000032         
   31 00000032 00 00 00000000 
              00000000         AREA             mydata,DATA,READWRITE
   32 00000000 00000000 
                       ARR     DCD              0
   33 00000004         
   34 00000004                 END
Command Line: --debug --xref --cpu=Cortex-M3 --apcs=interwork --depend=.\q4.d -
o.\q4.o -IC:\Keil\ARM\RV31\INC -IC:\Keil\ARM\CMSIS\Include -IC:\Keil\ARM\Inc\NX
P\LPC17xx --predefine="__EVAL SETA 1" --list=.\q4.lst q4.s



ARM Macro Assembler    Page 1 Alphabetic symbol ordering
Relocatable symbols

RESET 00000000

Symbol: RESET
   Definitions
      At line 1 in file q4.s
   Uses
      None
Comment: RESET unused
__Vectors 00000000

Symbol: __Vectors
   Definitions
      At line 3 in file q4.s
   Uses
      At line 2 in file q4.s
Comment: __Vectors used once
2 symbols



ARM Macro Assembler    Page 1 Alphabetic symbol ordering
Relocatable symbols

Reset_Handler 00000000

Symbol: Reset_Handler
   Definitions
      At line 10 in file q4.s
   Uses
      At line 5 in file q4.s
      At line 9 in file q4.s

STOP 00000030

Symbol: STOP
   Definitions
      At line 28 in file q4.s
   Uses
      At line 29 in file q4.s
Comment: STOP used once
mycode 00000000

Symbol: mycode
   Definitions
      At line 7 in file q4.s
   Uses
      None
Comment: mycode unused
nes1 0000000E

Symbol: nes1
   Definitions
      At line 15 in file q4.s
   Uses
      At line 18 in file q4.s
Comment: nes1 used once
nes2 00000020

Symbol: nes2
   Definitions
      At line 21 in file q4.s
   Uses
      At line 26 in file q4.s
Comment: nes2 used once
5 symbols



ARM Macro Assembler    Page 1 Alphabetic symbol ordering
Relocatable symbols

ARR 00000000

Symbol: ARR
   Definitions
      At line 32 in file q4.s
   Uses
      At line 11 in file q4.s
      At line 20 in file q4.s

mydata 00000000

Symbol: mydata
   Definitions
      At line 31 in file q4.s
   Uses
      None
Comment: mydata unused
2 symbols
342 symbols in table
