<html>
<body>
<pre>
<h1>µVision Build Log</h1>
<h2>Project:</h2>
C:\210905272\WEEK1\q1\q1.s
Project File Date:  <unknown>

<h2>Output:</h2>
Build target 'Target 1'
linking...
Program Size: Code=8 RO-data=8 RW-data=0 ZI-data=0  
".\q1.axf" - 0 Error(s), 0 Warning(s).
rror(s), 0 Warning(s).
rning(s).
Target not created
t find argument '__Vectors'.
Not enough information to list image symbols.
Not enough information to list the image map.
Finished: 2 information, 1 warning and 1 error messages.
".\q1.axf" - 1 Error(s), 1 Warning(s).
Target not created
Error: Could not load file 'C:\210905272\WEEK1\q1\q1.axf'. Debugger aborted !
ted
